----------------------------------------
$ /usr/local/bin/gfortran \
>   -Wall \
>   -fno-second-underscore \
>   -arch \
>   x86_64 \
>   -fPIC \
>   -O3 \
>   -funroll-loops \
>   -Wextra \
>   -Wno-compare-reals \
>   -Wimplicit-interface \
>   -fmax-errors=1 \
>   -std=f2008 \
>   -Werror \
>   -march=native \
>   -c \
>   -c \
>   src/bezier/types.f90 \
>   -o \
>   build/temp.macosx-10.6-intel-3.7/src/bezier/types.o \
>   -J \
>   build/temp.macosx-10.6-intel-3.7
----------------------------------------
$ /usr/local/bin/gfortran \
>   -Wall \
>   -fno-second-underscore \
>   -arch \
>   x86_64 \
>   -fPIC \
>   -O3 \
>   -funroll-loops \
>   -Wextra \
>   -Wno-compare-reals \
>   -Wimplicit-interface \
>   -fmax-errors=1 \
>   -std=f2008 \
>   -Werror \
>   -march=native \
>   -c \
>   -c \
>   src/bezier/status.f90 \
>   -o \
>   build/temp.macosx-10.6-intel-3.7/src/bezier/status.o \
>   -J \
>   build/temp.macosx-10.6-intel-3.7
----------------------------------------
$ /usr/local/bin/gfortran \
>   -Wall \
>   -fno-second-underscore \
>   -arch \
>   x86_64 \
>   -fPIC \
>   -O3 \
>   -funroll-loops \
>   -Wextra \
>   -Wno-compare-reals \
>   -Wimplicit-interface \
>   -fmax-errors=1 \
>   -std=f2008 \
>   -Werror \
>   -march=native \
>   -c \
>   -c \
>   src/bezier/helpers.f90 \
>   -o \
>   build/temp.macosx-10.6-intel-3.7/src/bezier/helpers.o \
>   -J \
>   build/temp.macosx-10.6-intel-3.7
----------------------------------------
$ /usr/local/bin/gfortran \
>   -Wall \
>   -fno-second-underscore \
>   -arch \
>   x86_64 \
>   -fPIC \
>   -O3 \
>   -funroll-loops \
>   -Wextra \
>   -Wno-compare-reals \
>   -Wimplicit-interface \
>   -fmax-errors=1 \
>   -std=f2008 \
>   -Werror \
>   -march=native \
>   -c \
>   -c \
>   src/bezier/curve.f90 \
>   -o \
>   build/temp.macosx-10.6-intel-3.7/src/bezier/curve.o \
>   -J \
>   build/temp.macosx-10.6-intel-3.7
----------------------------------------
$ /usr/local/bin/gfortran \
>   -Wall \
>   -fno-second-underscore \
>   -arch \
>   x86_64 \
>   -fPIC \
>   -O3 \
>   -funroll-loops \
>   -Wextra \
>   -Wno-compare-reals \
>   -Wimplicit-interface \
>   -fmax-errors=1 \
>   -std=f2008 \
>   -Werror \
>   -march=native \
>   -c \
>   -c \
>   src/bezier/surface.f90 \
>   -o \
>   build/temp.macosx-10.6-intel-3.7/src/bezier/surface.o \
>   -J \
>   build/temp.macosx-10.6-intel-3.7
----------------------------------------
$ /usr/local/bin/gfortran \
>   -Wall \
>   -fno-second-underscore \
>   -arch \
>   x86_64 \
>   -fPIC \
>   -O3 \
>   -funroll-loops \
>   -Wextra \
>   -Wno-compare-reals \
>   -Wimplicit-interface \
>   -fmax-errors=1 \
>   -std=f2008 \
>   -Werror \
>   -march=native \
>   -c \
>   -c \
>   src/bezier/curve_intersection.f90 \
>   -o \
>   build/temp.macosx-10.6-intel-3.7/src/bezier/curve_intersection.o \
>   -J \
>   build/temp.macosx-10.6-intel-3.7
----------------------------------------
$ /usr/local/bin/gfortran \
>   -Wall \
>   -fno-second-underscore \
>   -arch \
>   x86_64 \
>   -fPIC \
>   -O3 \
>   -funroll-loops \
>   -Wextra \
>   -Wno-compare-reals \
>   -Wimplicit-interface \
>   -fmax-errors=1 \
>   -std=f2008 \
>   -Werror \
>   -march=native \
>   -c \
>   -c \
>   src/bezier/surface_intersection.f90 \
>   -o \
>   build/temp.macosx-10.6-intel-3.7/src/bezier/surface_intersection.o \
>   -J \
>   build/temp.macosx-10.6-intel-3.7
----------------------------------------
$ /usr/local/bin/gfortran \
>   -Wall \
>   -ffixed-form \
>   -fno-second-underscore \
>   -arch \
>   x86_64 \
>   -fPIC \
>   -O3 \
>   -funroll-loops \
>   -Wextra \
>   -Wno-compare-reals \
>   -Wimplicit-interface \
>   -fmax-errors=1 \
>   -std=f2008 \
>   -march=native \
>   -c \
>   -c \
>   src/bezier/quadpack/d1mach.f \
>   -o \
>   build/temp.macosx-10.6-intel-3.7/src/bezier/quadpack/d1mach.o \
>   -J \
>   build/temp.macosx-10.6-intel-3.7
----------------------------------------
$ /usr/local/bin/gfortran \
>   -Wall \
>   -ffixed-form \
>   -fno-second-underscore \
>   -arch \
>   x86_64 \
>   -fPIC \
>   -O3 \
>   -funroll-loops \
>   -Wextra \
>   -Wno-compare-reals \
>   -Wimplicit-interface \
>   -fmax-errors=1 \
>   -std=f2008 \
>   -march=native \
>   -c \
>   -c \
>   src/bezier/quadpack/dqelg.f \
>   -o \
>   build/temp.macosx-10.6-intel-3.7/src/bezier/quadpack/dqelg.o \
>   -J \
>   build/temp.macosx-10.6-intel-3.7
----------------------------------------
$ /usr/local/bin/gfortran \
>   -Wall \
>   -ffixed-form \
>   -fno-second-underscore \
>   -arch \
>   x86_64 \
>   -fPIC \
>   -O3 \
>   -funroll-loops \
>   -Wextra \
>   -Wno-compare-reals \
>   -Wimplicit-interface \
>   -fmax-errors=1 \
>   -std=f2008 \
>   -march=native \
>   -c \
>   -c \
>   src/bezier/quadpack/dqpsrt.f \
>   -o \
>   build/temp.macosx-10.6-intel-3.7/src/bezier/quadpack/dqpsrt.o \
>   -J \
>   build/temp.macosx-10.6-intel-3.7
----------------------------------------
$ /usr/local/bin/gfortran \
>   -Wall \
>   -ffixed-form \
>   -fno-second-underscore \
>   -arch \
>   x86_64 \
>   -fPIC \
>   -O3 \
>   -funroll-loops \
>   -Wextra \
>   -Wno-compare-reals \
>   -Wimplicit-interface \
>   -fmax-errors=1 \
>   -std=f2008 \
>   -march=native \
>   -c \
>   -c \
>   src/bezier/quadpack/dqk21.f \
>   -o \
>   build/temp.macosx-10.6-intel-3.7/src/bezier/quadpack/dqk21.o \
>   -J \
>   build/temp.macosx-10.6-intel-3.7
----------------------------------------
$ /usr/local/bin/gfortran \
>   -Wall \
>   -ffixed-form \
>   -fno-second-underscore \
>   -arch \
>   x86_64 \
>   -fPIC \
>   -O3 \
>   -funroll-loops \
>   -Wextra \
>   -Wno-compare-reals \
>   -Wimplicit-interface \
>   -fmax-errors=1 \
>   -std=f2008 \
>   -march=native \
>   -c \
>   -c \
>   src/bezier/quadpack/dqagse.f \
>   -o \
>   build/temp.macosx-10.6-intel-3.7/src/bezier/quadpack/dqagse.o \
>   -J \
>   build/temp.macosx-10.6-intel-3.7
----------------------------------------
$ ar \
>   -cr \
>   build/lib.macosx-10.6-intel-3.7/bezier/lib/libbezier.a \
>   build/temp.macosx-10.6-intel-3.7/src/bezier/quadpack/d1mach.o \
>   build/temp.macosx-10.6-intel-3.7/src/bezier/quadpack/dqelg.o \
>   build/temp.macosx-10.6-intel-3.7/src/bezier/quadpack/dqpsrt.o \
>   build/temp.macosx-10.6-intel-3.7/src/bezier/quadpack/dqk21.o \
>   build/temp.macosx-10.6-intel-3.7/src/bezier/quadpack/dqagse.o \
>   build/temp.macosx-10.6-intel-3.7/src/bezier/types.o \
>   build/temp.macosx-10.6-intel-3.7/src/bezier/status.o \
>   build/temp.macosx-10.6-intel-3.7/src/bezier/helpers.o \
>   build/temp.macosx-10.6-intel-3.7/src/bezier/curve.o \
>   build/temp.macosx-10.6-intel-3.7/src/bezier/surface.o \
>   build/temp.macosx-10.6-intel-3.7/src/bezier/curve_intersection.o \
>   build/temp.macosx-10.6-intel-3.7/src/bezier/surface_intersection.o
----------------------------------------
$ ranlib \
>   build/lib.macosx-10.6-intel-3.7/bezier/lib/libbezier.a
----------------------------------------
$ gcc \
>   -fno-strict-aliasing \
>   -Wsign-compare \
>   -fno-common \
>   -dynamic \
>   -DNDEBUG \
>   -g \
>   -fwrapv \
>   -O3 \
>   -Wall \
>   -arch \
>   i386 \
>   -arch \
>   x86_64 \
>   -g \
>   -I${TRAVIS_BUILD_DIR}/.nox/check_journal-machine-travis-osx/lib/python3.7/site-packages/numpy/core/include \
>   -Isrc/bezier/include \
>   -I/Library/Frameworks/Python.framework/Versions/3.7/include/python3.7m \
>   -c \
>   src/bezier/_speedup.c \
>   -o \
>   build/temp.macosx-10.6-intel-3.7/src/bezier/_speedup.o
----------------------------------------
$ gcc \
>   -bundle \
>   -undefined \
>   dynamic_lookup \
>   -arch \
>   i386 \
>   -arch \
>   x86_64 \
>   -g \
>   build/temp.macosx-10.6-intel-3.7/src/bezier/_speedup.o \
>   build/temp.macosx-10.6-intel-3.7/src/bezier/types.o \
>   build/temp.macosx-10.6-intel-3.7/src/bezier/status.o \
>   build/temp.macosx-10.6-intel-3.7/src/bezier/helpers.o \
>   build/temp.macosx-10.6-intel-3.7/src/bezier/curve.o \
>   build/temp.macosx-10.6-intel-3.7/src/bezier/surface.o \
>   build/temp.macosx-10.6-intel-3.7/src/bezier/curve_intersection.o \
>   build/temp.macosx-10.6-intel-3.7/src/bezier/surface_intersection.o \
>   build/temp.macosx-10.6-intel-3.7/src/bezier/quadpack/d1mach.o \
>   build/temp.macosx-10.6-intel-3.7/src/bezier/quadpack/dqelg.o \
>   build/temp.macosx-10.6-intel-3.7/src/bezier/quadpack/dqpsrt.o \
>   build/temp.macosx-10.6-intel-3.7/src/bezier/quadpack/dqk21.o \
>   build/temp.macosx-10.6-intel-3.7/src/bezier/quadpack/dqagse.o \
>   -L/usr/local/Cellar/gcc/8.2.0/lib/gcc/8 \
>   -L/usr/local/Cellar/gcc/8.2.0/lib/gcc/8/gcc/x86_64-apple-darwin17.7.0/8.2.0 \
>   -L/usr/local/Cellar/gcc/8.2.0/lib/gcc/8/gcc/x86_64-apple-darwin17.7.0/8.2.0/../../.. \
>   -lgfortran \
>   -o \
>   build/lib.macosx-10.6-intel-3.7/bezier/_speedup.cpython-37m-darwin.so
----------------------------------------
