----------------------------------------
$ /usr/bin/gfortran \
>   -Wall \
>   -fno-second-underscore \
>   -fPIC \
>   -O3 \
>   -funroll-loops \
>   -Wextra \
>   -Wno-compare-reals \
>   -Wimplicit-interface \
>   -fmax-errors=1 \
>   -std=f2008 \
>   -Werror \
>   -march=native \
>   -c \
>   -c \
>   src/fortran/types.f90 \
>   -o \
>   build/temp.linux-x86_64-3.7/src/fortran/types.o \
>   -J \
>   build/temp.linux-x86_64-3.7
----------------------------------------
$ /usr/bin/gfortran \
>   -Wall \
>   -fno-second-underscore \
>   -fPIC \
>   -O3 \
>   -funroll-loops \
>   -Wextra \
>   -Wno-compare-reals \
>   -Wimplicit-interface \
>   -fmax-errors=1 \
>   -std=f2008 \
>   -Werror \
>   -march=native \
>   -c \
>   -c \
>   src/fortran/status.f90 \
>   -o \
>   build/temp.linux-x86_64-3.7/src/fortran/status.o \
>   -J \
>   build/temp.linux-x86_64-3.7
----------------------------------------
$ /usr/bin/gfortran \
>   -Wall \
>   -fno-second-underscore \
>   -fPIC \
>   -O3 \
>   -funroll-loops \
>   -Wextra \
>   -Wno-compare-reals \
>   -Wimplicit-interface \
>   -fmax-errors=1 \
>   -std=f2008 \
>   -Werror \
>   -march=native \
>   -c \
>   -c \
>   src/fortran/helpers.f90 \
>   -o \
>   build/temp.linux-x86_64-3.7/src/fortran/helpers.o \
>   -J \
>   build/temp.linux-x86_64-3.7
----------------------------------------
$ /usr/bin/gfortran \
>   -Wall \
>   -fno-second-underscore \
>   -fPIC \
>   -O3 \
>   -funroll-loops \
>   -Wextra \
>   -Wno-compare-reals \
>   -Wimplicit-interface \
>   -fmax-errors=1 \
>   -std=f2008 \
>   -Werror \
>   -march=native \
>   -c \
>   -c \
>   src/fortran/curve.f90 \
>   -o \
>   build/temp.linux-x86_64-3.7/src/fortran/curve.o \
>   -J \
>   build/temp.linux-x86_64-3.7
----------------------------------------
$ /usr/bin/gfortran \
>   -Wall \
>   -fno-second-underscore \
>   -fPIC \
>   -O3 \
>   -funroll-loops \
>   -Wextra \
>   -Wno-compare-reals \
>   -Wimplicit-interface \
>   -fmax-errors=1 \
>   -std=f2008 \
>   -Werror \
>   -march=native \
>   -c \
>   -c \
>   src/fortran/surface.f90 \
>   -o \
>   build/temp.linux-x86_64-3.7/src/fortran/surface.o \
>   -J \
>   build/temp.linux-x86_64-3.7
----------------------------------------
$ /usr/bin/gfortran \
>   -Wall \
>   -fno-second-underscore \
>   -fPIC \
>   -O3 \
>   -funroll-loops \
>   -Wextra \
>   -Wno-compare-reals \
>   -Wimplicit-interface \
>   -fmax-errors=1 \
>   -std=f2008 \
>   -Werror \
>   -march=native \
>   -c \
>   -c \
>   src/fortran/curve_intersection.f90 \
>   -o \
>   build/temp.linux-x86_64-3.7/src/fortran/curve_intersection.o \
>   -J \
>   build/temp.linux-x86_64-3.7
----------------------------------------
$ /usr/bin/gfortran \
>   -Wall \
>   -fno-second-underscore \
>   -fPIC \
>   -O3 \
>   -funroll-loops \
>   -Wextra \
>   -Wno-compare-reals \
>   -Wimplicit-interface \
>   -fmax-errors=1 \
>   -std=f2008 \
>   -Werror \
>   -march=native \
>   -c \
>   -c \
>   src/fortran/surface_intersection.f90 \
>   -o \
>   build/temp.linux-x86_64-3.7/src/fortran/surface_intersection.o \
>   -J \
>   build/temp.linux-x86_64-3.7
----------------------------------------
$ /usr/bin/gfortran \
>   -Wall \
>   -ffixed-form \
>   -fno-second-underscore \
>   -fPIC \
>   -O3 \
>   -funroll-loops \
>   -Wextra \
>   -Wno-compare-reals \
>   -Wimplicit-interface \
>   -fmax-errors=1 \
>   -std=f2008 \
>   -march=native \
>   -c \
>   -c \
>   src/fortran/quadpack/d1mach.f \
>   -o \
>   build/temp.linux-x86_64-3.7/src/fortran/quadpack/d1mach.o \
>   -J \
>   build/temp.linux-x86_64-3.7
----------------------------------------
$ /usr/bin/gfortran \
>   -Wall \
>   -ffixed-form \
>   -fno-second-underscore \
>   -fPIC \
>   -O3 \
>   -funroll-loops \
>   -Wextra \
>   -Wno-compare-reals \
>   -Wimplicit-interface \
>   -fmax-errors=1 \
>   -std=f2008 \
>   -march=native \
>   -c \
>   -c \
>   src/fortran/quadpack/dqelg.f \
>   -o \
>   build/temp.linux-x86_64-3.7/src/fortran/quadpack/dqelg.o \
>   -J \
>   build/temp.linux-x86_64-3.7
----------------------------------------
$ /usr/bin/gfortran \
>   -Wall \
>   -ffixed-form \
>   -fno-second-underscore \
>   -fPIC \
>   -O3 \
>   -funroll-loops \
>   -Wextra \
>   -Wno-compare-reals \
>   -Wimplicit-interface \
>   -fmax-errors=1 \
>   -std=f2008 \
>   -march=native \
>   -c \
>   -c \
>   src/fortran/quadpack/dqpsrt.f \
>   -o \
>   build/temp.linux-x86_64-3.7/src/fortran/quadpack/dqpsrt.o \
>   -J \
>   build/temp.linux-x86_64-3.7
----------------------------------------
$ /usr/bin/gfortran \
>   -Wall \
>   -ffixed-form \
>   -fno-second-underscore \
>   -fPIC \
>   -O3 \
>   -funroll-loops \
>   -Wextra \
>   -Wno-compare-reals \
>   -Wimplicit-interface \
>   -fmax-errors=1 \
>   -std=f2008 \
>   -march=native \
>   -c \
>   -c \
>   src/fortran/quadpack/dqk21.f \
>   -o \
>   build/temp.linux-x86_64-3.7/src/fortran/quadpack/dqk21.o \
>   -J \
>   build/temp.linux-x86_64-3.7
----------------------------------------
$ /usr/bin/gfortran \
>   -Wall \
>   -ffixed-form \
>   -fno-second-underscore \
>   -fPIC \
>   -O3 \
>   -funroll-loops \
>   -Wextra \
>   -Wno-compare-reals \
>   -Wimplicit-interface \
>   -fmax-errors=1 \
>   -std=f2008 \
>   -march=native \
>   -c \
>   -c \
>   src/fortran/quadpack/dqagse.f \
>   -o \
>   build/temp.linux-x86_64-3.7/src/fortran/quadpack/dqagse.o \
>   -J \
>   build/temp.linux-x86_64-3.7
----------------------------------------
$ ar \
>   -cr \
>   build/lib.linux-x86_64-3.7/bezier/lib/libbezier.a \
>   build/temp.linux-x86_64-3.7/src/fortran/quadpack/d1mach.o \
>   build/temp.linux-x86_64-3.7/src/fortran/quadpack/dqelg.o \
>   build/temp.linux-x86_64-3.7/src/fortran/quadpack/dqpsrt.o \
>   build/temp.linux-x86_64-3.7/src/fortran/quadpack/dqk21.o \
>   build/temp.linux-x86_64-3.7/src/fortran/quadpack/dqagse.o \
>   build/temp.linux-x86_64-3.7/src/fortran/types.o \
>   build/temp.linux-x86_64-3.7/src/fortran/status.o \
>   build/temp.linux-x86_64-3.7/src/fortran/helpers.o \
>   build/temp.linux-x86_64-3.7/src/fortran/curve.o \
>   build/temp.linux-x86_64-3.7/src/fortran/surface.o \
>   build/temp.linux-x86_64-3.7/src/fortran/curve_intersection.o \
>   build/temp.linux-x86_64-3.7/src/fortran/surface_intersection.o
----------------------------------------
$ gcc \
>   -pthread \
>   -Wno-unused-result \
>   -Wsign-compare \
>   -DNDEBUG \
>   -g \
>   -fwrapv \
>   -O3 \
>   -Wall \
>   -fPIC \
>   -I/var/code/bezier/.nox/check_journal-machine-circleci/lib/python3.7/site-packages/numpy/core/include \
>   -Isrc/fortran/include \
>   -I/root/.pyenv/versions/3.7.4/include/python3.7m \
>   -c \
>   src/python/bezier/_speedup.c \
>   -o \
>   build/temp.linux-x86_64-3.7/src/python/bezier/_speedup.o
----------------------------------------
$ gcc \
>   -pthread \
>   -shared \
>   -L/root/.pyenv/versions/3.7.4/lib \
>   -L/root/.pyenv/versions/3.7.4/lib \
>   build/temp.linux-x86_64-3.7/src/python/bezier/_speedup.o \
>   build/temp.linux-x86_64-3.7/src/fortran/types.o \
>   build/temp.linux-x86_64-3.7/src/fortran/status.o \
>   build/temp.linux-x86_64-3.7/src/fortran/helpers.o \
>   build/temp.linux-x86_64-3.7/src/fortran/curve.o \
>   build/temp.linux-x86_64-3.7/src/fortran/surface.o \
>   build/temp.linux-x86_64-3.7/src/fortran/curve_intersection.o \
>   build/temp.linux-x86_64-3.7/src/fortran/surface_intersection.o \
>   build/temp.linux-x86_64-3.7/src/fortran/quadpack/d1mach.o \
>   build/temp.linux-x86_64-3.7/src/fortran/quadpack/dqelg.o \
>   build/temp.linux-x86_64-3.7/src/fortran/quadpack/dqpsrt.o \
>   build/temp.linux-x86_64-3.7/src/fortran/quadpack/dqk21.o \
>   build/temp.linux-x86_64-3.7/src/fortran/quadpack/dqagse.o \
>   -L/usr/lib/gcc/x86_64-linux-gnu/7 \
>   -L/usr/lib/gcc/x86_64-linux-gnu/7 \
>   -lgfortran \
>   -o \
>   build/lib.linux-x86_64-3.7/bezier/_speedup.cpython-37m-x86_64-linux-gnu.so
----------------------------------------
